// Jest Snapshot v1, https://goo.gl/fbAQLP

exports[`MoviesCard should render with correct data 1`] = `
<section
  className="moviesContainer-movieCard-cardContainer"
>
  <h2
    className="movieCard-cardContainer-title"
  >
    Title
  </h2>
  <img
    className="movieCard-cardContainer-poster"
    src="null"
  />
  <button>
    Add Rating
  </button>
  <MovieRatings />
</section>
`;
