// Jest Snapshot v1, https://goo.gl/fbAQLP

exports[`MoviesCard should match a snapshot of data being passed in 1`] = `
<section
  className="moviesContainer-movieCard-cardContainer"
>
  <h2
    className="movieCard-cardContainer-title"
  >
    Jumanji: The Next Level
  </h2>
  <img
    alt="Official movie poster for film"
    className="movieCard-cardContainer-poster"
    src="https://image.tmdb.org/t/p/original//l4iknLOenijaB85Zyb5SxH1gGz8.jpg"
  />
  <h4>
    Average Movie Rating: 
    4
  </h4>
  <button
    className="movieCard-btn"
  >
    Add Rating
  </button>
  <button
    className="movieCard-btn"
    onClick={[Function]}
  >
    See More
  </button>
  <MovieRatings />
</section>
`;
