// Jest Snapshot v1, https://goo.gl/fbAQLP

exports[`UserProfile should render with correct data 1`] = `
<section
  className="userProfile-container"
>
  <h2
    className="userProfile-container-greeting"
  >
    Hello, Name!
  </h2>
  <button
    className="userProfile-container-button"
  />
</section>
`;
