// Jest Snapshot v1, https://goo.gl/fbAQLP

exports[`ShowPage should render with correct data 1`] = `
<section
  className="showPage-container"
>
  <h1
    className="showPage-container-title"
  >
    Title
  </h1>
  <p
    className="showPage-container-release"
  >
    08/22/20
  </p>
  <p
    className="showPage-container-overview"
  >
    blah blah blah
  </p>
  <p
    className="showPage-container-averageRating"
  >
    average rating: 4
  </p>
  <MovieRatings />
</section>
`;
