// Jest Snapshot v1, https://goo.gl/fbAQLP

exports[`App should render with correct data 1`] = `
<main
  className="app-main"
>
  <Route
    path="/login"
    render={[Function]}
  />
  <Route
    exact={true}
    path="/"
    render={[Function]}
  />
  <Route
    path="/movies/:id"
    render={[Function]}
  />
</main>
`;
